Archive member included because of file (symbol)

/home/akalia/dpdk-1.5.0r0//x86_64-default-linuxapp-gcc/lib/librte_pmd_e1000.a(igb_ethdev.o)
                              main.o (rte_igb_pmd_init)
/home/akalia/dpdk-1.5.0r0//x86_64-default-linuxapp-gcc/lib/librte_pmd_e1000.a(igb_rxtx.o)
                              /home/akalia/dpdk-1.5.0r0//x86_64-default-linuxapp-gcc/lib/librte_pmd_e1000.a(igb_ethdev.o) (eth_igb_recv_pkts)
/home/akalia/dpdk-1.5.0r0//x86_64-default-linuxapp-gcc/lib/librte_pmd_e1000.a(em_ethdev.o)
                              main.o (rte_em_pmd_init)
/home/akalia/dpdk-1.5.0r0//x86_64-default-linuxapp-gcc/lib/librte_pmd_e1000.a(em_rxtx.o)
                              /home/akalia/dpdk-1.5.0r0//x86_64-default-linuxapp-gcc/lib/librte_pmd_e1000.a(em_ethdev.o) (eth_em_recv_pkts)
/home/akalia/dpdk-1.5.0r0//x86_64-default-linuxapp-gcc/lib/librte_pmd_e1000.a(igb_pf.o)
                              /home/akalia/dpdk-1.5.0r0//x86_64-default-linuxapp-gcc/lib/librte_pmd_e1000.a(igb_ethdev.o) (igb_pf_host_init)
/home/akalia/dpdk-1.5.0r0//x86_64-default-linuxapp-gcc/lib/librte_pmd_e1000.a(e1000_82541.o)
                              /home/akalia/dpdk-1.5.0r0//x86_64-default-linuxapp-gcc/lib/librte_pmd_e1000.a(em_ethdev.o) (e1000_init_script_state_82541)
/home/akalia/dpdk-1.5.0r0//x86_64-default-linuxapp-gcc/lib/librte_pmd_e1000.a(e1000_82543.o)
                              /home/akalia/dpdk-1.5.0r0//x86_64-default-linuxapp-gcc/lib/librte_pmd_e1000.a(em_ethdev.o) (e1000_set_tbi_compatibility_82543)
/home/akalia/dpdk-1.5.0r0//x86_64-default-linuxapp-gcc/lib/librte_pmd_e1000.a(e1000_82571.o)
                              /home/akalia/dpdk-1.5.0r0//x86_64-default-linuxapp-gcc/lib/librte_pmd_e1000.a(em_ethdev.o) (e1000_set_laa_state_82571)
/home/akalia/dpdk-1.5.0r0//x86_64-default-linuxapp-gcc/lib/librte_pmd_e1000.a(e1000_82575.o)
                              /home/akalia/dpdk-1.5.0r0//x86_64-default-linuxapp-gcc/lib/librte_pmd_e1000.a(igb_pf.o) (e1000_vmdq_set_anti_spoofing_pf)
/home/akalia/dpdk-1.5.0r0//x86_64-default-linuxapp-gcc/lib/librte_pmd_e1000.a(e1000_i210.o)
                              /home/akalia/dpdk-1.5.0r0//x86_64-default-linuxapp-gcc/lib/librte_pmd_e1000.a(e1000_82575.o) (e1000_acquire_swfw_sync_i210)
/home/akalia/dpdk-1.5.0r0//x86_64-default-linuxapp-gcc/lib/librte_pmd_e1000.a(e1000_api.o)
                              /home/akalia/dpdk-1.5.0r0//x86_64-default-linuxapp-gcc/lib/librte_pmd_e1000.a(igb_ethdev.o) (e1000_set_mac_type)
/home/akalia/dpdk-1.5.0r0//x86_64-default-linuxapp-gcc/lib/librte_pmd_e1000.a(e1000_ich8lan.o)
                              /home/akalia/dpdk-1.5.0r0//x86_64-default-linuxapp-gcc/lib/librte_pmd_e1000.a(e1000_api.o) (e1000_init_function_pointers_ich8lan)
/home/akalia/dpdk-1.5.0r0//x86_64-default-linuxapp-gcc/lib/librte_pmd_e1000.a(e1000_mac.o)
                              /home/akalia/dpdk-1.5.0r0//x86_64-default-linuxapp-gcc/lib/librte_pmd_e1000.a(e1000_i210.o) (e1000_null_ops_generic)
/home/akalia/dpdk-1.5.0r0//x86_64-default-linuxapp-gcc/lib/librte_pmd_e1000.a(e1000_manage.o)
                              /home/akalia/dpdk-1.5.0r0//x86_64-default-linuxapp-gcc/lib/librte_pmd_e1000.a(e1000_mac.o) (e1000_mng_enable_host_if_generic)
/home/akalia/dpdk-1.5.0r0//x86_64-default-linuxapp-gcc/lib/librte_pmd_e1000.a(e1000_mbx.o)
                              /home/akalia/dpdk-1.5.0r0//x86_64-default-linuxapp-gcc/lib/librte_pmd_e1000.a(igb_pf.o) (e1000_read_mbx)
/home/akalia/dpdk-1.5.0r0//x86_64-default-linuxapp-gcc/lib/librte_pmd_e1000.a(e1000_nvm.o)
                              /home/akalia/dpdk-1.5.0r0//x86_64-default-linuxapp-gcc/lib/librte_pmd_e1000.a(e1000_82575.o) (e1000_null_read_nvm)
/home/akalia/dpdk-1.5.0r0//x86_64-default-linuxapp-gcc/lib/librte_pmd_e1000.a(e1000_osdep.o)
                              /home/akalia/dpdk-1.5.0r0//x86_64-default-linuxapp-gcc/lib/librte_pmd_e1000.a(e1000_mac.o) (e1000_write_pci_cfg)
/home/akalia/dpdk-1.5.0r0//x86_64-default-linuxapp-gcc/lib/librte_pmd_e1000.a(e1000_phy.o)
                              /home/akalia/dpdk-1.5.0r0//x86_64-default-linuxapp-gcc/lib/librte_pmd_e1000.a(e1000_api.o) (e1000_init_phy_ops_generic)
/home/akalia/dpdk-1.5.0r0//x86_64-default-linuxapp-gcc/lib/librte_pmd_e1000.a(e1000_vf.o)
                              /home/akalia/dpdk-1.5.0r0//x86_64-default-linuxapp-gcc/lib/librte_pmd_e1000.a(e1000_api.o) (e1000_init_function_pointers_vf)
/home/akalia/dpdk-1.5.0r0//x86_64-default-linuxapp-gcc/lib/librte_pmd_e1000.a(e1000_80003es2lan.o)
                              /home/akalia/dpdk-1.5.0r0//x86_64-default-linuxapp-gcc/lib/librte_pmd_e1000.a(e1000_api.o) (e1000_init_function_pointers_80003es2lan)
/home/akalia/dpdk-1.5.0r0//x86_64-default-linuxapp-gcc/lib/librte_pmd_e1000.a(e1000_82540.o)
                              /home/akalia/dpdk-1.5.0r0//x86_64-default-linuxapp-gcc/lib/librte_pmd_e1000.a(e1000_api.o) (e1000_init_function_pointers_82540)
[...]
Memory Configuration

Name             Origin             Length             Attributes
*default*        0x0000000000000000 0xffffffffffffffff

Linker script and memory map

LOAD /usr/lib/gcc/x86_64-linux-gnu/4.6/../../../x86_64-linux-gnu/crt1.o
LOAD /usr/lib/gcc/x86_64-linux-gnu/4.6/../../../x86_64-linux-gnu/crti.o
LOAD /usr/lib/gcc/x86_64-linux-gnu/4.6/crtbegin.o
LOAD main.o
LOAD /home/akalia/dpdk-1.5.0r0//x86_64-default-linuxapp-gcc/lib/librte_kni.a
LOAD /home/akalia/dpdk-1.5.0r0//x86_64-default-linuxapp-gcc/lib/librte_pmd_e1000.a
LOAD /home/akalia/dpdk-1.5.0r0//x86_64-default-linuxapp-gcc/lib/librte_pmd_ixgbe.a
LOAD /home/akalia/dpdk-1.5.0r0//x86_64-default-linuxapp-gcc/lib/librte_pmd_virtio.a
LOAD /home/akalia/dpdk-1.5.0r0//x86_64-default-linuxapp-gcc/lib/librte_cmdline.a
LOAD /home/akalia/dpdk-1.5.0r0//x86_64-default-linuxapp-gcc/lib/librte_timer.a
LOAD /home/akalia/dpdk-1.5.0r0//x86_64-default-linuxapp-gcc/lib/librte_hash.a
LOAD /home/akalia/dpdk-1.5.0r0//x86_64-default-linuxapp-gcc/lib/librte_lpm.a
LOAD /home/akalia/dpdk-1.5.0r0//x86_64-default-linuxapp-gcc/lib/librte_power.a
LOAD /home/akalia/dpdk-1.5.0r0//x86_64-default-linuxapp-gcc/lib/librte_meter.a
LOAD /home/akalia/dpdk-1.5.0r0//x86_64-default-linuxapp-gcc/lib/librte_sched.a
LOAD /usr/lib/gcc/x86_64-linux-gnu/4.6/../../../x86_64-linux-gnu/libm.so
LOAD /usr/lib/gcc/x86_64-linux-gnu/4.6/../../../x86_64-linux-gnu/librt.so
START GROUP
LOAD /home/akalia/dpdk-1.5.0r0//x86_64-default-linuxapp-gcc/lib/librte_mbuf.a
LOAD /home/akalia/dpdk-1.5.0r0//x86_64-default-linuxapp-gcc/lib/libethdev.a
LOAD /home/akalia/dpdk-1.5.0r0//x86_64-default-linuxapp-gcc/lib/librte_pmd_ring.a
LOAD /home/akalia/dpdk-1.5.0r0//x86_64-default-linuxapp-gcc/lib/librte_malloc.a
LOAD /home/akalia/dpdk-1.5.0r0//x86_64-default-linuxapp-gcc/lib/librte_mempool.a
LOAD /home/akalia/dpdk-1.5.0r0//x86_64-default-linuxapp-gcc/lib/librte_ring.a
LOAD /home/akalia/dpdk-1.5.0r0//x86_64-default-linuxapp-gcc/lib/librte_eal.a
LOAD /usr/lib/gcc/x86_64-linux-gnu/4.6/../../../x86_64-linux-gnu/librt.so
LOAD /usr/lib/gcc/x86_64-linux-gnu/4.6/../../../x86_64-linux-gnu/libm.so
END GROUP
LOAD /usr/lib/gcc/x86_64-linux-gnu/4.6/libgcc.a
LOAD /usr/lib/gcc/x86_64-linux-gnu/4.6/libgcc_s.so
LOAD /usr/lib/gcc/x86_64-linux-gnu/4.6/../../../x86_64-linux-gnu/libpthread.so
START GROUP
LOAD /lib/x86_64-linux-gnu/libpthread.so.0
LOAD /usr/lib/x86_64-linux-gnu/libpthread_nonshared.a
END GROUP
LOAD /usr/lib/gcc/x86_64-linux-gnu/4.6/../../../x86_64-linux-gnu/libc.so
START GROUP
LOAD /lib/x86_64-linux-gnu/libc.so.6
LOAD /usr/lib/x86_64-linux-gnu/libc_nonshared.a
LOAD /lib/x86_64-linux-gnu/ld-linux-x86-64.so.2
END GROUP
LOAD /usr/lib/gcc/x86_64-linux-gnu/4.6/libgcc.a
LOAD /usr/lib/gcc/x86_64-linux-gnu/4.6/libgcc_s.so
LOAD /usr/lib/gcc/x86_64-linux-gnu/4.6/crtend.o
LOAD /usr/lib/gcc/x86_64-linux-gnu/4.6/../../../x86_64-linux-gnu/crtn.o
                0x0000000000400000                PROVIDE (__executable_start, 0x400000)
                0x0000000000400270                . = (0x400000 + SIZEOF_HEADERS)

.interp         0x0000000000400270       0x1c
 *(.interp)
 .interp        0x0000000000400270       0x1c /usr/lib/gcc/x86_64-linux-gnu/4.6/../../../x86_64-linux-gnu/crt1.o

.note.ABI-tag   0x000000000040028c       0x20
 .note.ABI-tag  0x000000000040028c       0x20 /usr/lib/gcc/x86_64-linux-gnu/4.6/../../../x86_64-linux-gnu/crt1.o

.note.gnu.build-id
                0x00000000004002ac       0x24
 *(.note.gnu.build-id)
 .note.gnu.build-id
                0x00000000004002ac       0x24 /usr/lib/gcc/x86_64-linux-gnu/4.6/../../../x86_64-linux-gnu/crt1.o

.hash
 *(.hash)

.gnu.hash       0x00000000004002d0       0x30
 *(.gnu.hash)
 .gnu.hash      0x00000000004002d0       0x30 /usr/lib/gcc/x86_64-linux-gnu/4.6/../../../x86_64-linux-gnu/crt1.o

.dynsym         0x0000000000400300      0x8a0
 *(.dynsym)
 .dynsym        0x0000000000400300      0x8a0 /usr/lib/gcc/x86_64-linux-gnu/4.6/../../../x86_64-linux-gnu/crt1.o

.dynstr         0x0000000000400ba0      0x3d9
 *(.dynstr)
 .dynstr        0x0000000000400ba0      0x3d9 /usr/lib/gcc/x86_64-linux-gnu/4.6/../../../x86_64-linux-gnu/crt1.o

.gnu.version    0x0000000000400f7a       0xb8
 *(.gnu.version)
 .gnu.version   0x0000000000400f7a       0xb8 /usr/lib/gcc/x86_64-linux-gnu/4.6/../../../x86_64-linux-gnu/crt1.o

.gnu.version_d  0x0000000000401038        0x0
 *(.gnu.version_d)
 .gnu.version_d
                0x0000000000000000        0x0 /usr/lib/gcc/x86_64-linux-gnu/4.6/../../../x86_64-linux-gnu/crt1.o

.gnu.version_r  0x0000000000401038       0xe0
 *(.gnu.version_r)
 .gnu.version_r
                0x0000000000401038       0xe0 /usr/lib/gcc/x86_64-linux-gnu/4.6/../../../x86_64-linux-gnu/crt1.o

.rela.dyn       0x0000000000401118       0x60
 *(.rela.init)
 *(.rela.text .rela.text.* .rela.gnu.linkonce.t.*)
 .rela.text     0x0000000000000000        0x0 /usr/lib/gcc/x86_64-linux-gnu/4.6/../../../x86_64-linux-gnu/crt1.o
 .rela.text.startup
                0x0000000000000000        0x0 /usr/lib/gcc/x86_64-linux-gnu/4.6/../../../x86_64-linux-gnu/crt1.o
 .rela.text.unlikely
                0x0000000000000000        0x0 /usr/lib/gcc/x86_64-linux-gnu/4.6/../../../x86_64-linux-gnu/crt1.o
 *(.rela.fini)
 *(.rela.rodata .rela.rodata.* .rela.gnu.linkonce.r.*)
 *(.rela.data .rela.data.* .rela.gnu.linkonce.d.*)
 .rela.data     0x0000000000000000        0x0 /usr/lib/gcc/x86_64-linux-gnu/4.6/../../../x86_64-linux-gnu/crt1.o
 *(.rela.tdata .rela.tdata.* .rela.gnu.linkonce.td.*)
 *(.rela.tbss .rela.tbss.* .rela.gnu.linkonce.tb.*)
 *(.rela.ctors)
 *(.rela.dtors)
 *(.rela.got)
 .rela.got      0x0000000000401118       0x18 /usr/lib/gcc/x86_64-linux-gnu/4.6/../../../x86_64-linux-gnu/crt1.o
 *(.rela.bss .rela.bss.* .rela.gnu.linkonce.b.*)
 .rela.bss      0x0000000000401130       0x48 /usr/lib/gcc/x86_64-linux-gnu/4.6/../../../x86_64-linux-gnu/crt1.o
 *(.rela.ldata .rela.ldata.* .rela.gnu.linkonce.l.*)
 *(.rela.lbss .rela.lbss.* .rela.gnu.linkonce.lb.*)
 *(.rela.lrodata .rela.lrodata.* .rela.gnu.linkonce.lr.*)
 *(.rela.ifunc)

.rela.plt       0x0000000000401178      0x810
 *(.rela.plt)
 .rela.plt      0x0000000000401178      0x810 /usr/lib/gcc/x86_64-linux-gnu/4.6/../../../x86_64-linux-gnu/crt1.o
                0x0000000000401988                PROVIDE (__rela_iplt_start, .)
 *(.rela.iplt)
 .rela.iplt     0x0000000000000000        0x0 /usr/lib/gcc/x86_64-linux-gnu/4.6/../../../x86_64-linux-gnu/crt1.o
                0x0000000000401988                PROVIDE (__rela_iplt_end, .)

.init           0x0000000000401988       0x18
 *(.init)
 .init          0x0000000000401988        0x9 /usr/lib/gcc/x86_64-linux-gnu/4.6/../../../x86_64-linux-gnu/crti.o
                0x0000000000401988                _init
 .init          0x0000000000401991        0x5 /usr/lib/gcc/x86_64-linux-gnu/4.6/crtbegin.o
 .init          0x0000000000401996        0x5 /usr/lib/gcc/x86_64-linux-gnu/4.6/crtend.o
 .init          0x000000000040199b        0x5 /usr/lib/gcc/x86_64-linux-gnu/4.6/../../../x86_64-linux-gnu/crtn.o

.plt            0x00000000004019a0      0x570
 *(.plt)
 .plt           0x00000000004019a0      0x570 /usr/lib/gcc/x86_64-linux-gnu/4.6/../../../x86_64-linux-gnu/crt1.o
                0x00000000004019b0                getenv@@GLIBC_2.2.5
                0x00000000004019c0                free@@GLIBC_2.2.5
                0x00000000004019d0                putchar@@GLIBC_2.2.5
                0x00000000004019e0                pthread_create@@GLIBC_2.2.5
                0x00000000004019f0                __vfprintf_chk@@GLIBC_2.3.4
                0x0000000000401a00                abort@@GLIBC_2.2.5
                0x0000000000401a10                __errno_location@@GLIBC_2.2.5
                0x0000000000401a20                strncpy@@GLIBC_2.2.5
                0x0000000000401a30                strncmp@@GLIBC_2.2.5
                0x0000000000401a40                fopencookie@@GLIBC_2.2.5
                0x0000000000401a50                __read_chk@@GLIBC_2.4
                0x0000000000401a60                unlinkat@@GLIBC_2.4
                0x0000000000401a70                puts@@GLIBC_2.2.5
                0x0000000000401a80                backtrace_symbols@@GLIBC_2.2.5
                0x0000000000401a90                __xpg_strerror_r@@GLIBC_2.3.4
                0x0000000000401aa0                fcntl@@GLIBC_2.2.5
                0x0000000000401ab0                write@@GLIBC_2.2.5
                0x0000000000401ac0                fclose@@GLIBC_2.2.5
                0x0000000000401ad0                opendir@@GLIBC_2.2.5
                0x0000000000401ae0                backtrace@@GLIBC_2.2.5
                0x0000000000401af0                openat@@GLIBC_2.4
                0x0000000000401b00                __stack_chk_fail@@GLIBC_2.4
                0x0000000000401b10                getuid@@GLIBC_2.2.5
                0x0000000000401b20                mmap@@GLIBC_2.2.5
                0x0000000000401b30                getopt_long@@GLIBC_2.2.5
                0x0000000000401b40                pthread_setaffinity_np@@GLIBC_2.3.4
                0x0000000000401b50                strchr@@GLIBC_2.2.5
                0x0000000000401b60                nanosleep@@GLIBC_2.2.5
                0x0000000000401b70                ftruncate@@GLIBC_2.2.5
                0x0000000000401b80                lseek@@GLIBC_2.2.5
                0x0000000000401b90                gettimeofday@@GLIBC_2.2.5
                0x0000000000401ba0                iopl@@GLIBC_2.2.5
                0x0000000000401bb0                fnmatch@@GLIBC_2.2.5
                0x0000000000401bc0                memset@@GLIBC_2.2.5
                0x0000000000401bd0                index@@GLIBC_2.2.5
                0x0000000000401be0                strnlen@@GLIBC_2.2.5
                0x0000000000401bf0                close@@GLIBC_2.2.5
                0x0000000000401c00                pipe@@GLIBC_2.2.5
                0x0000000000401c10                closedir@@GLIBC_2.2.5
                0x0000000000401c20                epoll_ctl@@GLIBC_2.3.2
                0x0000000000401c30                __strdup@@GLIBC_2.2.5
                0x0000000000401c40                read@@GLIBC_2.2.5
                0x0000000000401c50                strndup@@GLIBC_2.2.5
                0x0000000000401c60                __libc_start_main@@GLIBC_2.2.5
                0x0000000000401c70                memcmp@@GLIBC_2.2.5
                0x0000000000401c80                fgets@@GLIBC_2.2.5
                0x0000000000401c90                strtoull@@GLIBC_2.2.5
                0x0000000000401ca0                strcmp@@GLIBC_2.2.5
                0x0000000000401cb0                dirfd@@GLIBC_2.2.5
                0x0000000000401cc0                __memcpy_chk@@GLIBC_2.3.4
                0x0000000000401cd0                timerfd_create@@GLIBC_2.8
                0x0000000000401ce0                strtol@@GLIBC_2.2.5
                0x0000000000401cf0                memcpy@@GLIBC_2.14
                0x0000000000401d00                readdir@@GLIBC_2.2.5
                0x0000000000401d10                malloc@@GLIBC_2.2.5
                0x0000000000401d20                strncasecmp@@GLIBC_2.2.5
                0x0000000000401d30                fflush@@GLIBC_2.2.5
                0x0000000000401d40                __sched_cpufree@@GLIBC_2.7
                0x0000000000401d50                __fxstat@@GLIBC_2.2.5
                0x0000000000401d60                clock_gettime@@GLIBC_2.2.5
                0x0000000000401d70                lrand48@@GLIBC_2.2.5
                0x0000000000401d80                __sched_cpualloc@@GLIBC_2.7
                0x0000000000401d90                __vsnprintf_chk@@GLIBC_2.3.4
                0x0000000000401da0                srand48@@GLIBC_2.2.5
                0x0000000000401db0                munmap@@GLIBC_2.2.5
                0x0000000000401dc0                __printf_chk@@GLIBC_2.3.4
                0x0000000000401dd0                epoll_wait@@GLIBC_2.3.2
                0x0000000000401de0                __syslog_chk@@GLIBC_2.4
                0x0000000000401df0                pthread_self@@GLIBC_2.2.5
                0x0000000000401e00                open@@GLIBC_2.2.5
                0x0000000000401e10                access@@GLIBC_2.2.5
                0x0000000000401e20                fopen@@GLIBC_2.2.5
                0x0000000000401e30                sysconf@@GLIBC_2.2.5
                0x0000000000401e40                strtoul@@GLIBC_2.2.5
                0x0000000000401e50                timerfd_settime@@GLIBC_2.8
                0x0000000000401e60                flock@@GLIBC_2.2.5
                0x0000000000401e70                openlog@@GLIBC_2.2.5
                0x0000000000401e80                getpagesize@@GLIBC_2.2.5
                0x0000000000401e90                epoll_create@@GLIBC_2.3.2
                0x0000000000401ea0                exit@@GLIBC_2.2.5
                0x0000000000401eb0                fwrite@@GLIBC_2.2.5
                0x0000000000401ec0                strerror@@GLIBC_2.2.5
                0x0000000000401ed0                sleep@@GLIBC_2.2.5
                0x0000000000401ee0                strstr@@GLIBC_2.2.5
                0x0000000000401ef0                __ctype_tolower_loc@@GLIBC_2.3
                0x0000000000401f00                __ctype_b_loc@@GLIBC_2.3
 *(.iplt)
 .iplt          0x0000000000000000        0x0 /usr/lib/gcc/x86_64-linux-gnu/4.6/../../../x86_64-linux-gnu/crt1.o

.text           0x0000000000401f10    0x684f8
 *(.text.unlikely .text.*_unlikely)
 .text.unlikely
                0x0000000000401f10       0xce /home/akalia/dpdk-1.5.0r0//x86_64-default-linuxapp-gcc/lib/librte_eal.a(eal_debug.o)
                0x0000000000401f10                __rte_panic
 .text.unlikely
                0x0000000000401fde       0x92 /home/akalia/dpdk-1.5.0r0//x86_64-default-linuxapp-gcc/lib/librte_eal.a(eal_common_log.o)
                0x0000000000401fde                rte_log
 *(.text.exit .text.exit.*)
 *(.text.startup .text.startup.*)
 .text.startup  0x0000000000402070      0x9af main.o
                0x0000000000402070                main
 *(.text.hot .text.hot.*)
 *(.text .stub .text.* .gnu.linkonce.t.*)
 *fill*         0x0000000000402a1f        0x1 90909090
 .text          0x0000000000402a20       0x2c /usr/lib/gcc/x86_64-linux-gnu/4.6/../../../x86_64-linux-gnu/crt1.o
                0x0000000000402a20                _start
 .text          0x0000000000402a4c       0x17 /usr/lib/gcc/x86_64-linux-gnu/4.6/../../../x86_64-linux-gnu/crti.o
 *fill*         0x0000000000402a63        0xd 90909090
 .text          0x0000000000402a70       0x92 /usr/lib/gcc/x86_64-linux-gnu/4.6/crtbegin.o
 *fill*         0x0000000000402b02        0xe 90909090
 .text          0x0000000000402b10      0xdb0 main.o
 .text          0x00000000004038c0     0x21a5 /home/akalia/dpdk-1.5.0r0//x86_64-default-linuxapp-gcc/lib/librte_pmd_e1000.a(igb_ethdev.o)
                0x0000000000405a30                rte_igb_pmd_init
                0x0000000000405a50                rte_igbvf_pmd_init
 *fill*         0x0000000000405a65        0xb 90909090
 .text          0x0000000000405a70     0x53f1 /home/akalia/dpdk-1.5.0r0//x86_64-default-linuxapp-gcc/lib/librte_pmd_e1000.a(igb_rxtx.o)
                0x0000000000405a70                eth_igb_recv_pkts
                0x00000000004068e0                eth_igb_xmit_pkts
                0x0000000000408340                eth_igb_recv_scattered_pkts
                0x0000000000408fa0                eth_igb_tx_queue_release
                0x0000000000408fe0                eth_igb_tx_queue_setup
                0x0000000000409310                eth_igb_rx_queue_release
                0x0000000000409350                eth_igb_rx_queue_setup
                0x0000000000409650                eth_igb_rx_queue_count
                0x00000000004096c0                eth_igb_rx_descriptor_done
                0x0000000000409700                igb_dev_clear_queues
                0x00000000004097f0                eth_igb_rx_init
                0x000000000040a500                eth_igb_tx_init
                0x000000000040a6e0                eth_igbvf_rx_init
                0x000000000040ad20                eth_igbvf_tx_init
 *fill*         0x000000000040ae61        0xf 90909090
 .text          0x000000000040ae70     0x13d5 /home/akalia/dpdk-1.5.0r0//x86_64-default-linuxapp-gcc/lib/librte_pmd_e1000.a(em_ethdev.o)
                0x000000000040c230                rte_em_pmd_init
 *fill*         0x000000000040c245        0xb 90909090
 .text          0x000000000040c250     0x488d /home/akalia/dpdk-1.5.0r0//x86_64-default-linuxapp-gcc/lib/librte_pmd_e1000.a(em_rxtx.o)
                0x000000000040c250                eth_em_recv_pkts
                0x000000000040d7a0                eth_em_recv_scattered_pkts
                0x000000000040e3f0                eth_em_xmit_pkts
                0x000000000040f780                eth_em_tx_queue_release
                0x000000000040f7c0                eth_em_tx_queue_setup
                0x000000000040fc30                eth_em_rx_queue_release
                0x000000000040fc70                eth_em_rx_queue_setup
                0x000000000040fff0                eth_em_rx_queue_count
                0x0000000000410060                eth_em_rx_descriptor_done
                0x00000000004100a0                em_dev_clear_queues
                0x0000000000410170                eth_em_rx_init
                0x00000000004109a0                eth_em_tx_init
 *fill*         0x0000000000410add        0x3 90909090
 .text          0x0000000000410ae0      0x94b /home/akalia/dpdk-1.5.0r0//x86_64-default-linuxapp-gcc/lib/librte_pmd_e1000.a(igb_pf.o)
                0x0000000000410b80                igb_pf_host_init
                0x0000000000410cf0                igb_pf_host_configure
                0x0000000000410e20                igb_pf_mbx_process
 *fill*         0x000000000041142b        0x5 90909090
 .text          0x0000000000411430     0x1477 /home/akalia/dpdk-1.5.0r0//x86_64-default-linuxapp-gcc/lib/librte_pmd_e1000.a(e1000_82541.o)
                0x0000000000412870                e1000_init_function_pointers_82541
                0x0000000000412890                e1000_init_script_state_82541
 *fill*         0x00000000004128a7        0x9 90909090
 .text          0x00000000004128b0     0x1c41 /home/akalia/dpdk-1.5.0r0//x86_64-default-linuxapp-gcc/lib/librte_pmd_e1000.a(e1000_82543.o)
                0x0000000000414350                e1000_init_function_pointers_82543
                0x0000000000414370                e1000_set_tbi_compatibility_82543
                0x00000000004143a0                e1000_tbi_sbp_enabled_82543
                0x00000000004143c0                e1000_tbi_adjust_stats_82543
 *fill*         0x00000000004144f1        0xf 90909090
 .text          0x0000000000414500     0x1dc4 /home/akalia/dpdk-1.5.0r0//x86_64-default-linuxapp-gcc/lib/librte_pmd_e1000.a(e1000_82571.o)
                0x00000000004161d0                e1000_init_function_pointers_82571
                0x00000000004161f0                e1000_check_phy_82574
                0x0000000000416270                e1000_get_laa_state_82571
                0x0000000000416290                e1000_set_laa_state_82571
 *fill*         0x00000000004162c4        0xc 90909090
 .text          0x00000000004162d0     0x3ba9 /home/akalia/dpdk-1.5.0r0//x86_64-default-linuxapp-gcc/lib/librte_pmd_e1000.a(e1000_82575.o)
                0x00000000004162d0                e1000_init_nvm_params_82575
                0x0000000000418f30                e1000_init_function_pointers_82575
                0x0000000000418f60                e1000_rx_fifo_flush_82575
                0x00000000004192e0                e1000_vmdq_set_anti_spoofing_pf
                0x0000000000419370                e1000_vmdq_set_loopback_pf
                0x00000000004193e0                e1000_vmdq_set_replication_pf
                0x0000000000419410                e1000_rxpbs_adjust_82580
                0x0000000000419430                e1000_set_eee_i350
                0x00000000004194b0                e1000_set_i2c_bb
                0x00000000004194e0                e1000_i2c_bus_clear
                0x0000000000419830                e1000_write_i2c_byte_generic
                0x0000000000419930                e1000_read_i2c_byte_generic
 *fill*         0x0000000000419e79        0x7 90909090
 .text          0x0000000000419e80      0xefd /home/akalia/dpdk-1.5.0r0//x86_64-default-linuxapp-gcc/lib/librte_pmd_e1000.a(e1000_i210.o)
                0x0000000000419f30                e1000_read_nvm_srrd_i210
                0x000000000041a040                e1000_validate_nvm_checksum_i210
                0x000000000041a220                e1000_write_nvm_srwr_i210
                0x000000000041a7d0                e1000_update_nvm_checksum_i210
                0x000000000041a950                e1000_acquire_swfw_sync_i210
                0x000000000041aa40                e1000_release_swfw_sync_i210
                0x000000000041aae0                e1000_read_invm_i211
                0x000000000041ab60                e1000_read_invm_version
                0x000000000041acc0                e1000_update_flash_i210
                0x000000000041ad40                e1000_init_function_pointers_i210
 *fill*         0x000000000041ad7d        0x3 90909090
 .text          0x000000000041ad80      0xe62 /home/akalia/dpdk-1.5.0r0//x86_64-default-linuxapp-gcc/lib/librte_pmd_e1000.a(e1000_api.o)
                0x000000000041ad80                e1000_init_mac_params
                0x000000000041ada0                e1000_init_nvm_params
                0x000000000041adc0                e1000_init_phy_params
                0x000000000041ade0                e1000_init_mbx_params
                0x000000000041ae00                e1000_set_mac_type
                0x000000000041b3f0                e1000_setup_init_funcs
                0x000000000041b580                e1000_get_bus_info
                0x000000000041b5a0                e1000_clear_vfta
                0x000000000041b5c0                e1000_write_vfta
                0x000000000041b5e0                e1000_update_mc_addr_list
                0x000000000041b600                e1000_force_mac_fc
                0x000000000041b610                e1000_check_for_link
                0x000000000041b630                e1000_check_mng_mode
                0x000000000041b650                e1000_mng_write_dhcp_info
                0x000000000041b660                e1000_reset_hw
                0x000000000041b680                e1000_init_hw
                0x000000000041b6a0                e1000_setup_link
                0x000000000041b6c0                e1000_get_speed_and_duplex
                0x000000000041b6e0                e1000_setup_led
                0x000000000041b700                e1000_cleanup_led
                0x000000000041b720                e1000_blink_led
                0x000000000041b740                e1000_id_led_init
                0x000000000041b760                e1000_led_on
                0x000000000041b780                e1000_led_off
                0x000000000041b7a0                e1000_reset_adaptive
                0x000000000041b7b0                e1000_update_adaptive
                0x000000000041b7c0                e1000_disable_pcie_master
                0x000000000041b7d0                e1000_config_collision_dist
                0x000000000041b7f0                e1000_rar_set
                0x000000000041b810                e1000_validate_mdi_setting
                0x000000000041b830                e1000_hash_mc_addr
                0x000000000041b840                e1000_enable_tx_pkt_filtering
                0x000000000041b850                e1000_mng_host_if_write
                0x000000000041b870                e1000_mng_write_cmd_header
                0x000000000041b890                e1000_mng_enable_host_if
                0x000000000041b8b0                e1000_wait_autoneg
                0x000000000041b8d0                e1000_check_reset_block
                0x000000000041b8f0                e1000_read_phy_reg
                0x000000000041b910                e1000_write_phy_reg
                0x000000000041b930                e1000_release_phy
                0x000000000041b950                e1000_acquire_phy
                0x000000000041b970                e1000_cfg_on_link_up
                0x000000000041b990                e1000_read_kmrn_reg
                0x000000000041b9a0                e1000_write_kmrn_reg
                0x000000000041b9b0                e1000_get_cable_length
                0x000000000041b9d0                e1000_get_phy_info
                0x000000000041b9f0                e1000_phy_hw_reset
                0x000000000041ba10                e1000_phy_commit
                0x000000000041ba30                e1000_set_d0_lplu_state
                0x000000000041ba50                e1000_set_d3_lplu_state
                0x000000000041ba70                e1000_read_mac_addr
                0x000000000041ba90                e1000_read_pba_string
                0x000000000041baa0                e1000_read_pba_length
                0x000000000041bab0                e1000_validate_nvm_checksum
                0x000000000041bad0                e1000_update_nvm_checksum
                0x000000000041baf0                e1000_reload_nvm
                0x000000000041bb10                e1000_read_nvm
                0x000000000041bb30                e1000_write_nvm
                0x000000000041bb50                e1000_write_8bit_ctrl_reg
                0x000000000041bb60                e1000_power_up_phy
                0x000000000041bb90                e1000_power_down_phy
                0x000000000041bbb0                e1000_power_up_fiber_serdes_link
                0x000000000041bbd0                e1000_shutdown_fiber_serdes_link
 *fill*         0x000000000041bbe2        0xe 90909090
 .text          0x000000000041bbf0     0x4395 /home/akalia/dpdk-1.5.0r0//x86_64-default-linuxapp-gcc/lib/librte_pmd_e1000.a(e1000_ich8lan.o)
                0x000000000041ddd0                e1000_read_emi_reg_locked
                0x000000000041de30                e1000_init_function_pointers_ich8lan
                0x000000000041de80                e1000_configure_k1_ich8lan
                0x000000000041f070                e1000_copy_rx_addrs_to_phy_ich8lan
                0x000000000041f1f0                e1000_lv_jumbo_workaround_ich8lan
                0x000000000041fa50                e1000_set_kmrn_lock_loss_workaround_ich8lan
                0x000000000041fa70                e1000_igp3_phy_powerdown_workaround_ich8lan
                0x000000000041fba0                e1000_gig_downshift_workaround_ich8lan
                0x000000000041fc20                e1000_suspend_workarounds_ich8lan
                0x000000000041feb0                e1000_resume_workarounds_pchlan
 *fill*         0x000000000041ff85        0xb 90909090
 .text          0x000000000041ff90     0x1dba /home/akalia/dpdk-1.5.0r0//x86_64-default-linuxapp-gcc/lib/librte_pmd_e1000.a(e1000_mac.o)
                0x000000000041ff90                e1000_null_ops_generic
                0x000000000041ffa0                e1000_null_mac_generic
                0x000000000041ffb0                e1000_null_link_info
                0x000000000041ffc0                e1000_null_mng_mode
                0x000000000041ffd0                e1000_null_update_mc
                0x000000000041ffe0                e1000_null_write_vfta
                0x00000000004200c0                e1000_setup_led_generic
                0x0000000000420160                e1000_init_mac_ops_generic
                0x0000000000420270                e1000_null_rar_set
                0x0000000000420280                e1000_get_bus_info_pci_generic
                0x0000000000420340                e1000_get_bus_info_pcie_generic
                0x00000000004203e0                e1000_set_lan_id_multi_port_pci
                0x0000000000420420                e1000_set_lan_id_single_port
                0x0000000000420430                e1000_clear_vfta_generic
                0x0000000000420460                e1000_write_vfta_generic
                0x0000000000420480                e1000_init_rx_addrs_generic
                0x0000000000420510                e1000_check_alt_mac_addr_generic
                0x00000000004206c0                e1000_hash_mc_addr_generic
                0x0000000000420750                e1000_update_mc_addr_list_generic
                0x0000000000420920                e1000_pcix_mmrbc_workaround_generic
                0x00000000004209b0                e1000_clear_hw_cntrs_base_generic
                0x0000000000420aa0                e1000_set_default_fc_generic
                0x0000000000420b00                e1000_setup_link_generic
                0x0000000000420c20                e1000_commit_fc_settings_generic
                0x0000000000420c70                e1000_poll_fiber_serdes_link_generic
                0x0000000000420cd0                e1000_setup_fiber_serdes_link_generic
                0x0000000000420dd0                e1000_set_fc_watermarks_generic
                0x0000000000420e20                e1000_force_mac_fc_generic
                0x0000000000420e90                e1000_config_fc_after_link_up_generic
                0x0000000000421280                e1000_check_for_serdes_link_generic
                0x00000000004213e0                e1000_check_for_fiber_link_generic
                0x0000000000421470                e1000_check_for_copper_link_generic
                0x00000000004214f0                e1000_get_speed_and_duplex_copper_generic
                0x0000000000421530                e1000_get_speed_and_duplex_fiber_serdes_generic
                0x0000000000421540                e1000_get_hw_semaphore_generic
                0x00000000004215e0                e1000_put_hw_semaphore_generic
                0x0000000000421600                e1000_get_auto_rd_done_generic
                0x0000000000421710                e1000_valid_led_default_generic
                0x0000000000421750                e1000_id_led_init_generic
                0x0000000000421a20                e1000_cleanup_led_generic
                0x0000000000421a40                e1000_blink_led_generic
                0x0000000000421aa0                e1000_led_on_generic
                0x0000000000421ae0                e1000_led_off_generic
                0x0000000000421b20                e1000_set_pcie_no_snoop_generic
                0x0000000000421b50                e1000_disable_pcie_master_generic
                0x0000000000421bc0                e1000_reset_adaptive_generic
                0x0000000000421c20                e1000_update_adaptive_generic
                0x0000000000421ce0                e1000_validate_mdi_setting_crossover_generic
                0x0000000000421cf0                e1000_write_8bit_ctrl_reg_generic
 *fill*         0x0000000000421d4a        0x6 90909090
 .text          0x0000000000421d50      0xa07 /home/akalia/dpdk-1.5.0r0//x86_64-default-linuxapp-gcc/lib/librte_pmd_e1000.a(e1000_manage.o)
                0x0000000000421d50                e1000_calculate_checksum
                0x0000000000421e30                e1000_mng_enable_host_if_generic
                0x0000000000421f70                e1000_check_mng_mode_generic
                0x0000000000421f90                e1000_enable_tx_pkt_filtering_generic
                0x00000000004220e0                e1000_mng_write_cmd_header_generic
                0x0000000000422130                e1000_mng_host_if_write_generic
                0x0000000000422310                e1000_mng_write_dhcp_info_generic
                0x00000000004223c0                e1000_enable_mng_pass_thru
                0x0000000000422490                e1000_host_interface_command
                0x00000000004225b0                e1000_load_firmware
 *fill*         0x0000000000422757        0x9 90909090
 .text          0x0000000000422760      0x8c7 /home/akalia/dpdk-1.5.0r0//x86_64-default-linuxapp-gcc/lib/librte_pmd_e1000.a(e1000_mbx.o)
                0x0000000000422af0                e1000_write_posted_mbx
                0x0000000000422bd0                e1000_read_posted_mbx
                0x0000000000422db0                e1000_read_mbx
                0x0000000000422de0                e1000_write_mbx
                0x0000000000422e10                e1000_check_for_msg
                0x0000000000422e30                e1000_check_for_ack
                0x0000000000422e50                e1000_check_for_rst
                0x0000000000422e70                e1000_init_mbx_ops_generic
                0x0000000000422ed0                e1000_init_mbx_params_vf
                0x0000000000422f70                e1000_init_mbx_params_pf
 *fill*         0x0000000000423027        0x9 90909090
 .text          0x0000000000423030     0x2253 /home/akalia/dpdk-1.5.0r0//x86_64-default-linuxapp-gcc/lib/librte_pmd_e1000.a(e1000_nvm.o)
                0x0000000000423030                e1000_null_read_nvm
                0x0000000000423040                e1000_null_nvm_generic
                0x0000000000423050                e1000_null_led_default
                0x0000000000423060                e1000_null_write_nvm
                0x0000000000423560                e1000_init_nvm_ops_generic
                0x00000000004235d0                e1000_poll_eerd_eewr_done
                0x0000000000423640                e1000_acquire_nvm_generic
                0x00000000004236a0                e1000_stop_nvm
                0x0000000000423740                e1000_release_nvm_generic
                0x00000000004237d0                e1000_read_nvm_spi
                0x0000000000423d80                e1000_read_nvm_microwire
                0x00000000004243c0                e1000_read_nvm_eerd
                0x0000000000424460                e1000_write_nvm_spi
                0x00000000004245f0                e1000_write_nvm_microwire
                0x0000000000424790                e1000_read_pba_string_generic
                0x0000000000424b00                e1000_read_pba_length_generic
                0x0000000000424bf0                e1000_write_pba_raw
                0x0000000000424d00                e1000_get_pba_block_size
                0x0000000000424e00                e1000_read_pba_raw
                0x0000000000424f50                e1000_read_mac_addr_generic
                0x0000000000424fd0                e1000_validate_nvm_checksum_generic
                0x0000000000425050                e1000_update_nvm_checksum_generic
                0x00000000004250e0                e1000_get_fw_version
 *fill*         0x0000000000425283        0xd 90909090
 .text          0x0000000000425290       0x56 /home/akalia/dpdk-1.5.0r0//x86_64-default-linuxapp-gcc/lib/librte_pmd_e1000.a(e1000_osdep.o)
                0x0000000000425290                e1000_write_pci_cfg
                0x00000000004252a0                e1000_read_pci_cfg
                0x00000000004252b0                e1000_pci_set_mwi
                0x00000000004252c0                e1000_pci_clear_mwi
                0x00000000004252d0                e1000_read_pcie_cap_reg
                0x00000000004252e0                e1000_write_pcie_cap_reg
 *fill*         0x00000000004252e6        0xa 90909090
 .text          0x00000000004252f0     0x4ed3 /home/akalia/dpdk-1.5.0r0//x86_64-default-linuxapp-gcc/lib/librte_pmd_e1000.a(e1000_phy.o)
                0x00000000004252f0                e1000_null_set_page
                0x0000000000425300                e1000_null_read_reg
                0x0000000000425310                e1000_null_phy_generic
                0x0000000000425320                e1000_null_lplu_state
                0x0000000000425330                e1000_null_write_reg
                0x0000000000425340                e1000_read_i2c_byte_null
                0x0000000000425350                e1000_write_i2c_byte_null
                0x0000000000425400                e1000_init_phy_ops_generic
                0x0000000000425520                e1000_check_reset_block_generic
                0x0000000000425540                e1000_get_phy_id
                0x0000000000425630                e1000_phy_reset_dsp_generic
                0x0000000000425680                e1000_read_phy_reg_mdic
                0x0000000000425740                e1000_write_phy_reg_mdic
                0x00000000004263d0                e1000_read_phy_reg_i2c
                0x0000000000426450                e1000_write_phy_reg_i2c
                0x00000000004264d0                e1000_read_sfp_data_byte
                0x0000000000426540                e1000_write_sfp_data_byte
                0x00000000004265e0                e1000_read_phy_reg_m88
                0x00000000004266c0                e1000_write_phy_reg_m88
                0x0000000000426790                e1000_set_page_igp
                0x0000000000426830                e1000_read_phy_reg_igp
                0x00000000004269a0                e1000_read_phy_reg_igp_locked
                0x0000000000426ad0                e1000_write_phy_reg_igp
                0x0000000000426c50                e1000_write_phy_reg_igp_locked
                0x0000000000426d90                e1000_read_kmrn_reg_generic
                0x0000000000426e20                e1000_read_kmrn_reg_locked
                0x0000000000426e80                e1000_write_kmrn_reg_generic
                0x0000000000426f00                e1000_write_kmrn_reg_locked
                0x0000000000426f30                e1000_copper_link_setup_82577
                0x0000000000427020                e1000_copper_link_setup_m88
                0x00000000004272c0                e1000_copper_link_setup_m88_gen2
                0x0000000000427360                e1000_copper_link_setup_igp
                0x00000000004274e0                e1000_phy_setup_autoneg
                0x0000000000427640                e1000_copper_link_autoneg
                0x0000000000427700                e1000_phy_force_speed_duplex_setup
                0x00000000004277a0                e1000_set_d3_lplu_state_generic
                0x0000000000427910                e1000_check_downshift_generic
                0x00000000004279b0                e1000_check_polarity_m88
                0x00000000004279f0                e1000_check_polarity_igp
                0x0000000000427a70                e1000_check_polarity_ife
                0x0000000000427ad0                e1000_wait_autoneg_generic
                0x0000000000427b60                e1000_phy_has_link_generic
                0x0000000000427cb0                e1000_phy_force_speed_duplex_ife
                0x0000000000427d90                e1000_phy_force_speed_duplex_m88
                0x0000000000427fd0                e1000_phy_force_speed_duplex_igp
                0x00000000004280b0                e1000_setup_copper_link_generic
                0x0000000000428130                e1000_get_cable_length_m88
                0x00000000004281b0                e1000_get_cable_length_m88_gen2
                0x00000000004283f0                e1000_get_cable_length_igp_2
                0x0000000000428610                e1000_get_phy_info_m88
                0x0000000000428760                e1000_get_phy_info_igp
                0x00000000004288c0                e1000_get_phy_info_ife
                0x00000000004289c0                e1000_phy_sw_reset_generic
                0x0000000000428a30                e1000_phy_hw_reset_generic
                0x0000000000428ad0                e1000_get_cfg_done_generic
                0x0000000000428af0                e1000_phy_init_script_igp3
                0x0000000000428d50                e1000_get_phy_type_from_id
                0x0000000000428eb0                e1000_determine_phy_address
                0x0000000000429060                e1000_write_phy_reg_bm
                0x0000000000429270                e1000_read_phy_reg_bm
                0x0000000000429470                e1000_read_phy_reg_bm2
                0x00000000004295e0                e1000_write_phy_reg_bm2
                0x0000000000429750                e1000_enable_phy_wakeup_reg_access_bm
                0x0000000000429960                e1000_disable_phy_wakeup_reg_access_bm
                0x0000000000429a90                e1000_power_up_phy_copper
                0x0000000000429b20                e1000_power_down_phy_copper
                0x0000000000429bc0                e1000_read_phy_reg_hv
                0x0000000000429bd0                e1000_read_phy_reg_hv_locked
                0x0000000000429be0                e1000_read_phy_reg_page_hv
                0x0000000000429bf0                e1000_write_phy_reg_hv
                0x0000000000429c00                e1000_write_phy_reg_hv_locked
                0x0000000000429c10                e1000_write_phy_reg_page_hv
                0x0000000000429c30                e1000_link_stall_workaround_hv
                0x0000000000429cf0                e1000_check_polarity_82577
                0x0000000000429d30                e1000_phy_force_speed_duplex_82577
                0x0000000000429dd0                e1000_get_phy_info_82577
                0x0000000000429ef0                e1000_get_cable_length_82577
                0x0000000000429f30                e1000_write_phy_reg_gs40g
                0x000000000042a080                e1000_read_phy_reg_gs40g
 *fill*         0x000000000042a1c3        0xd 90909090
 .text          0x000000000042a1d0      0x717 /home/akalia/dpdk-1.5.0r0//x86_64-default-linuxapp-gcc/lib/librte_pmd_e1000.a(e1000_vf.o)
                0x000000000042a760                e1000_init_function_pointers_vf
                0x000000000042a790                e1000_vfta_set_vf
                0x000000000042a7f0                e1000_rlpml_set_vf
                0x000000000042a840                e1000_promisc_set_vf
 *fill*         0x000000000042a8e7        0x9 90909090
 .text          0x000000000042a8f0     0x1dff /home/akalia/dpdk-1.5.0r0//x86_64-default-linuxapp-gcc/lib/librte_pmd_e1000.a(e1000_80003es2lan.o)
                0x000000000042c6d0                e1000_init_function_pointers_80003es2lan
 *fill*         0x000000000042c6ef        0x1 90909090
 .text          0x000000000042c6f0      0x9bf /home/akalia/dpdk-1.5.0r0//x86_64-default-linuxapp-gcc/lib/librte_pmd_e1000.a(e1000_82540.o)
                0x000000000042d090                e1000_init_function_pointers_82540
 *fill*         0x000000000042d0af        0x1 90909090
 .text          0x000000000042d0b0      0x8d6 /home/akalia/dpdk-1.5.0r0//x86_64-default-linuxapp-gcc/lib/librte_pmd_e1000.a(e1000_82542.o)
                0x000000000042d700                e1000_init_function_pointers_82542
                0x000000000042d720                e1000_translate_register_82542
 *fill*         0x000000000042d986        0xa 90909090
 .text          0x000000000042d990     0x443c /home/akalia/dpdk-1.5.0r0//x86_64-default-linuxapp-gcc/lib/librte_pmd_ixgbe.a(ixgbe_ethdev.o)
                0x00000000004317a0                rte_ixgbe_pmd_init
                0x00000000004317c0                rte_ixgbevf_pmd_init
                0x00000000004317e0                ixgbe_vlan_hw_filter_disable
                0x0000000000431800                ixgbe_vlan_hw_filter_enable
                0x0000000000431850                ixgbe_vlan_hw_strip_disable_all
                0x0000000000431910                ixgbe_vlan_hw_strip_enable_all
 *fill*         0x0000000000431dcc        0x4 90909090
 .text          0x0000000000431dd0     0x132e /home/akalia/dpdk-1.5.0r0//x86_64-default-linuxapp-gcc/lib/librte_pmd_ixgbe.a(ixgbe_fdir.o)
                0x00000000004322b0                ixgbe_fdir_configure
                0x0000000000432520                ixgbe_fdir_add_signature_filter
                0x0000000000432620                ixgbe_fdir_update_signature_filter
                0x0000000000432720                ixgbe_fdir_remove_signature_filter
                0x0000000000432940                ixgbe_fdir_set_masks
                0x0000000000432bf0                ixgbe_fdir_add_perfect_filter
                0x0000000000432d00                ixgbe_fdir_update_perfect_filter
                0x0000000000432e10                ixgbe_fdir_remove_perfect_filter
                0x0000000000433020                ixgbe_fdir_info_get
 *fill*         0x00000000004330fe        0x2 90909090
 .text          0x0000000000433100      0xcc9 /home/akalia/dpdk-1.5.0r0//x86_64-default-linuxapp-gcc/lib/librte_pmd_ixgbe.a(ixgbe_pf.o)
                0x00000000004331a0                ixgbe_pf_host_init
                0x0000000000433500                ixgbe_pf_host_configure
                0x0000000000433790                ixgbe_pf_mbx_process
 *fill*         0x0000000000433dc9        0x7 90909090
 .text          0x0000000000433dd0     0x66b9 /home/akalia/dpdk-1.5.0r0//x86_64-default-linuxapp-gcc/lib/librte_pmd_ixgbe.a(ixgbe_common.o)
                0x0000000000433dd0                ixgbe_get_mac_addr_generic
                0x0000000000433e10                ixgbe_get_bus_info_generic
                0x0000000000433e50                ixgbe_set_lan_id_multi_port_pcie
                0x0000000000433e90                ixgbe_led_on_generic
                0x0000000000433ec0                ixgbe_led_off_generic
                0x0000000000433ef0                ixgbe_calc_eeprom_checksum_generic
                0x0000000000434020                ixgbe_validate_eeprom_checksum_generic
                0x00000000004340b0                ixgbe_update_eeprom_checksum_generic
                0x00000000004340f0                ixgbe_set_rar_generic
                0x00000000004341f0                ixgbe_clear_rar_generic
                0x0000000000434270                ixgbe_disable_mc_generic
                0x0000000000434290                ixgbe_enable_rx_dma_generic
                0x0000000000434360                ixgbe_release_swfw_sync
                0x00000000004343b0                ixgbe_acquire_swfw_sync
                0x0000000000434580                ixgbe_blink_led_start_generic
                0x00000000004346a0                ixgbe_blink_led_stop_generic
                0x00000000004347c0                ixgbe_start_hw_generic
                0x0000000000434ae0                ixgbe_clear_hw_cntrs_generic
                0x0000000000435350                ixgbe_init_hw_generic
                0x0000000000435370                ixgbe_init_eeprom_params_generic
                0x00000000004353f0                ixgbe_enable_mc_generic
                0x00000000004354a0                ixgbe_update_uc_addr_list_generic
                0x0000000000435610                ixgbe_init_rx_addrs_generic
                0x0000000000435780                ixgbe_read_eerd_buffer_generic
                0x0000000000435840                ixgbe_read_eerd_generic
                0x0000000000435850                ixgbe_stop_adapter_generic
                0x0000000000437630                ixgbe_read_eeprom_buffer_bit_bang_generic
                0x0000000000437750                ixgbe_write_eeprom_buffer_bit_bang_generic
                0x0000000000437a60                ixgbe_read_eeprom_bit_bang_generic
                0x0000000000437b40                ixgbe_write_eeprom_generic
                0x0000000000437c20                ixgbe_init_ops_generic
                0x0000000000437e10                ixgbe_device_supports_autoneg_fc
                0x0000000000437e40                ixgbe_start_hw_gen2
                0x0000000000437f20                ixgbe_read_pba_string_generic
                0x00000000004382e0                ixgbe_read_pba_num_generic
                0x0000000000438360                ixgbe_write_pba_raw
                0x0000000000438470                ixgbe_get_pba_block_size
                0x0000000000438570                ixgbe_read_pba_raw
                0x00000000004386d0                ixgbe_write_eewr_buffer_generic
                0x00000000004387c0                ixgbe_write_eewr_generic
                0x0000000000438870                ixgbe_poll_eerd_eewr_done
                0x00000000004388e0                ixgbe_validate_mac_addr
                0x0000000000438930                ixgbe_add_uc_addr
                0x0000000000438970                ixgbe_set_mta
                0x0000000000438a40                ixgbe_update_mc_addr_list_generic
                0x0000000000438bb0                ixgbe_fc_autoneg
                0x0000000000438d90                ixgbe_fc_enable_generic
                0x0000000000439330                ixgbe_disable_pcie_master
                0x00000000004393a0                ixgbe_disable_sec_rx_path_generic
                0x00000000004393f0                ixgbe_enable_sec_rx_path_generic
                0x0000000000439410                ixgbe_get_san_mac_addr_generic
                0x0000000000439510                ixgbe_set_san_mac_addr_generic
                0x0000000000439600                ixgbe_get_pcie_msix_count_generic
                0x0000000000439610                ixgbe_insert_mac_addr_generic
                0x0000000000439760                ixgbe_clear_vmdq_generic
                0x0000000000439810                ixgbe_set_vmdq_generic
                0x0000000000439860                ixgbe_set_vmdq_san_mac_generic
                0x00000000004398d0                ixgbe_init_uta_tables_generic
                0x0000000000439900                ixgbe_find_vlvf_slot
                0x0000000000439960                ixgbe_set_vlvf_generic
                0x0000000000439b40                ixgbe_set_vfta_generic
                0x0000000000439c00                ixgbe_clear_vfta_generic
                0x0000000000439c80                ixgbe_check_mac_link_generic
                0x0000000000439d70                ixgbe_get_wwn_prefix_generic
                0x0000000000439e20                ixgbe_get_fcoe_boot_status_generic
                0x0000000000439ec0                ixgbe_set_mac_anti_spoofing
                0x0000000000439f90                ixgbe_set_vlan_anti_spoofing
                0x0000000000439fe0                ixgbe_get_device_caps_generic
                0x000000000043a000                ixgbe_enable_relaxed_ordering_gen2
                0x000000000043a0c0                ixgbe_set_fw_drv_ver_generic
                0x000000000043a270                ixgbe_set_rxpba_generic
                0x000000000043a410                ixgbe_clear_tx_pending
 *fill*         0x000000000043a489        0x7 90909090
 .text          0x000000000043a490     0x347c /home/akalia/dpdk-1.5.0r0//x86_64-default-linuxapp-gcc/lib/librte_pmd_ixgbe.a(ixgbe_82599.o)
                0x000000000043a490                ixgbe_get_supported_physical_layer_82599
                0x000000000043a6f0                ixgbe_enable_rx_dma_82599
                0x000000000043a730                ixgbe_write_analog_reg8_82599
                0x000000000043a760                ixgbe_read_analog_reg8_82599
                0x000000000043a7b0                ixgbe_enable_tx_laser_multispeed_fiber
                0x000000000043a7d0                ixgbe_disable_tx_laser_multispeed_fiber
                0x000000000043a7f0                ixgbe_identify_phy_82599
                0x000000000043a8c0                ixgbe_get_link_capabilities_82599
                0x000000000043aa70                ixgbe_get_media_type_82599
                0x000000000043ab30                ixgbe_start_hw_82599
                0x000000000043ac10                ixgbe_flap_tx_laser_multispeed_fiber
                0x000000000043ac60                ixgbe_reinit_fdir_tables_82599
                0x000000000043af10                ixgbe_init_fdir_signature_82599
                0x000000000043b040                ixgbe_init_fdir_perfect_82599
                0x000000000043b170                ixgbe_atr_compute_sig_hash_82599
                0x000000000043b240                ixgbe_fdir_add_signature_filter_82599
                0x000000000043b2b0                ixgbe_atr_compute_perfect_hash_82599
                0x000000000043b3e0                ixgbe_fdir_set_input_mask_82599
                0x000000000043b610                ixgbe_fdir_write_perfect_filter_82599
                0x000000000043b7e0                ixgbe_fdir_erase_perfect_filter_82599
                0x000000000043b950                ixgbe_fdir_add_perfect_filter_82599
                0x000000000043ba40                ixgbe_verify_lesm_fw_enabled_82599
                0x000000000043bae0                ixgbe_init_mac_link_ops_82599
                0x000000000043bba0                ixgbe_reset_hw_82599
                0x000000000043c0b0                ixgbe_setup_mac_link_82599
                0x000000000043c4c0                ixgbe_setup_mac_link_smartspeed
                0x000000000043c9d0                ixgbe_setup_mac_link_multispeed_fiber
                0x000000000043cd50                ixgbe_start_mac_link_82599
                0x000000000043cff0                ixgbe_init_ops_82599
                0x000000000043d2b0                ixgbe_setup_sfp_modules_82599
                0x000000000043d630                ixgbe_init_phy_ops_82599
                0x000000000043d790                ixgbe_reset_pipeline_82599
 *fill*         0x000000000043d90c        0x4 90909090
 .text          0x000000000043d910     0x2356 /home/akalia/dpdk-1.5.0r0//x86_64-default-linuxapp-gcc/lib/librte_pmd_ixgbe.a(ixgbe_phy.o)
                0x000000000043d910                ixgbe_setup_phy_link_speed_generic
                0x000000000043d970                ixgbe_get_phy_firmware_version_generic
                0x000000000043d990                ixgbe_read_i2c_eeprom_generic
                0x000000000043d9b0                ixgbe_write_i2c_eeprom_generic
                0x000000000043d9d0                ixgbe_tn_check_overtemp
                0x000000000043da20                ixgbe_write_phy_reg_generic
                0x000000000043db30                ixgbe_read_phy_reg_generic
                0x000000000043dd40                ixgbe_setup_phy_link_generic
                0x000000000043e260                ixgbe_i2c_bus_clear
                0x000000000043e4b0                ixgbe_write_i2c_byte_generic
                0x000000000043e5d0                ixgbe_read_i2c_byte_generic
                0x000000000043e870                ixgbe_identify_phy_generic
                0x000000000043ea40                ixgbe_reset_phy_generic
                0x000000000043eb30                ixgbe_init_phy_ops_generic
                0x000000000043ebf0                ixgbe_validate_phy_addr
                0x000000000043ec30                ixgbe_get_phy_id
                0x000000000043ecb0                ixgbe_get_phy_type_from_id
                0x000000000043ecf0                ixgbe_get_copper_link_capabilities_generic
                0x000000000043ed50                ixgbe_check_phy_link_tnx
                0x000000000043efa0                ixgbe_setup_phy_link_tnx
                0x000000000043f380                ixgbe_get_phy_firmware_version_tnx
                0x000000000043f3a0                ixgbe_identify_sfp_module_generic
                0x000000000043f880                ixgbe_identify_module_generic
                0x000000000043f8b0                ixgbe_get_sfp_init_sequence_offsets
                0x000000000043fa70                ixgbe_reset_phy_nl
 *fill*         0x000000000043fc66        0xa 90909090
 .text          0x000000000043fc70      0xc3a /home/akalia/dpdk-1.5.0r0//x86_64-default-linuxapp-gcc/lib/librte_pmd_ixgbe.a(ixgbe_api.o)
                0x000000000043fc70                ixgbe_set_mac_type
                0x000000000043fe30                ixgbe_init_shared_code
                0x000000000043fea0                ixgbe_init_hw
                0x000000000043fec0                ixgbe_reset_hw
                0x000000000043fee0                ixgbe_start_hw
                0x000000000043ff00                ixgbe_enable_relaxed_ordering
                0x000000000043ff20                ixgbe_clear_hw_cntrs
                0x000000000043ff40                ixgbe_get_media_type
                0x000000000043ff60                ixgbe_get_mac_addr
                0x000000000043ff80                ixgbe_get_san_mac_addr
                0x000000000043ffa0                ixgbe_set_san_mac_addr
                0x000000000043ffc0                ixgbe_get_device_caps
                0x000000000043ffe0                ixgbe_get_wwn_prefix
                0x0000000000440000                ixgbe_get_fcoe_boot_status
                0x0000000000440020                ixgbe_get_bus_info
                0x0000000000440040                ixgbe_get_num_of_tx_queues
                0x0000000000440050                ixgbe_get_num_of_rx_queues
                0x0000000000440060                ixgbe_stop_adapter
                0x0000000000440080                ixgbe_read_pba_string
                0x0000000000440090                ixgbe_read_pba_num
                0x00000000004400a0                ixgbe_identify_phy
                0x00000000004400d0                ixgbe_reset_phy
                0x0000000000440130                ixgbe_get_phy_firmware_version
                0x0000000000440150                ixgbe_read_phy_reg
                0x00000000004401d0                ixgbe_write_phy_reg
                0x0000000000440260                ixgbe_setup_phy_link
                0x0000000000440280                ixgbe_check_phy_link
                0x00000000004402a0                ixgbe_setup_phy_link_speed
                0x00000000004402c0                ixgbe_check_link
                0x00000000004402e0                ixgbe_disable_tx_laser
                0x0000000000440300                ixgbe_enable_tx_laser
                0x0000000000440320                ixgbe_flap_tx_laser
                0x0000000000440340                ixgbe_setup_link
                0x0000000000440360                ixgbe_get_link_capabilities
                0x0000000000440380                ixgbe_led_on
                0x00000000004403a0                ixgbe_led_off
                0x00000000004403c0                ixgbe_blink_led_start
                0x00000000004403e0                ixgbe_blink_led_stop
                0x0000000000440400                ixgbe_init_eeprom_params
                0x0000000000440420                ixgbe_write_eeprom
                0x0000000000440440                ixgbe_write_eeprom_buffer
                0x0000000000440460                ixgbe_read_eeprom
                0x0000000000440480                ixgbe_read_eeprom_buffer
                0x00000000004404a0                ixgbe_validate_eeprom_checksum
                0x00000000004404c0                ixgbe_update_eeprom_checksum
                0x00000000004404e0                ixgbe_insert_mac_addr
                0x0000000000440500                ixgbe_set_rar
                0x0000000000440520                ixgbe_clear_rar
                0x0000000000440540                ixgbe_set_vmdq
                0x0000000000440560                ixgbe_set_vmdq_san_mac
                0x0000000000440580                ixgbe_clear_vmdq
                0x00000000004405a0                ixgbe_init_rx_addrs
                0x00000000004405c0                ixgbe_get_num_rx_addrs
                0x00000000004405d0                ixgbe_update_uc_addr_list
                0x00000000004405f0                ixgbe_update_mc_addr_list
                0x0000000000440610                ixgbe_enable_mc
                0x0000000000440630                ixgbe_disable_mc
                0x0000000000440650                ixgbe_clear_vfta
                0x0000000000440670                ixgbe_set_vfta
                0x0000000000440690                ixgbe_set_vlvf
                0x00000000004406b0                ixgbe_fc_enable
                0x00000000004406d0                ixgbe_set_fw_drv_ver
                0x0000000000440700                ixgbe_read_analog_reg8
                0x0000000000440720                ixgbe_write_analog_reg8
                0x0000000000440740                ixgbe_init_uta_tables
                0x0000000000440760                ixgbe_read_i2c_byte
                0x0000000000440780                ixgbe_write_i2c_byte
                0x00000000004407b0                ixgbe_write_i2c_eeprom
                0x00000000004407d0                ixgbe_read_i2c_eeprom
                0x00000000004407f0                ixgbe_get_supported_physical_layer
                0x0000000000440810                ixgbe_enable_rx_dma
                0x0000000000440830                ixgbe_disable_sec_rx_path
                0x0000000000440850                ixgbe_enable_sec_rx_path
                0x0000000000440870                ixgbe_acquire_swfw_semaphore
                0x0000000000440890                ixgbe_release_swfw_semaphore
 *fill*         0x00000000004408aa        0x6 90909090
 .text          0x00000000004408b0      0x90a /home/akalia/dpdk-1.5.0r0//x86_64-default-linuxapp-gcc/lib/librte_pmd_ixgbe.a(ixgbe_vf.o)
                0x00000000004408b0                ixgbe_start_hw_vf
                0x00000000004408c0                ixgbe_init_hw_vf
                0x0000000000440900                ixgbe_set_vfta_vf
                0x0000000000440980                ixgbe_get_mac_addr_vf
                0x00000000004409c0                ixgbe_setup_mac_link_vf
                0x00000000004409d0                ixgbe_check_mac_link_vf
                0x0000000000440a90                ixgbe_update_mc_addr_list_vf
                0x0000000000440bc0                ixgbe_stop_adapter_vf
                0x0000000000440c60                ixgbe_reset_hw_vf
                0x0000000000440d60                ixgbevf_set_uc_addr_vf
                0x0000000000440df0                ixgbe_set_rar_vf
                0x0000000000440eb0                ixgbe_init_ops_vf
                0x0000000000440f90                ixgbe_get_num_of_tx_queues_vf
                0x0000000000440fa0                ixgbe_get_num_of_rx_queues_vf
                0x0000000000440fb0                ixgbevf_rlpml_set_vf
                0x0000000000441000                ixgbevf_negotiate_api_version
                0x0000000000441090                ixgbevf_get_queues
 *fill*         0x00000000004411ba        0x6 90909090
 .text          0x00000000004411c0     0x2b4f /home/akalia/dpdk-1.5.0r0//x86_64-default-linuxapp-gcc/lib/librte_pmd_ixgbe.a(ixgbe_dcb.o)
                0x00000000004411c0                ixgbe_dcb_calculate_tc_credits
                0x0000000000441450                ixgbe_dcb_calculate_tc_credits_cee
                0x00000000004421a0                ixgbe_dcb_unpack_pfc_cee
                0x0000000000442250                ixgbe_dcb_unpack_refill_cee
                0x00000000004422b0                ixgbe_dcb_unpack_max_cee
                0x0000000000442300                ixgbe_dcb_unpack_bwgid_cee
                0x0000000000442350                ixgbe_dcb_unpack_tsa_cee
                0x00000000004423a0                ixgbe_dcb_get_tc_from_up
                0x0000000000442400                ixgbe_dcb_unpack_map_cee
                0x0000000000442470                ixgbe_dcb_check_config_cee
                0x0000000000442f80                ixgbe_dcb_get_tc_stats
                0x0000000000442fc0                ixgbe_dcb_get_pfc_stats
                0x0000000000443000                ixgbe_dcb_config_rx_arbiter_cee
                0x0000000000443230                ixgbe_dcb_config_tx_desc_arbiter_cee
                0x00000000004433f0                ixgbe_dcb_config_tx_data_arbiter_cee
                0x0000000000443630                ixgbe_dcb_config_pfc_cee
                0x00000000004437d0                ixgbe_dcb_config_tc_stats
                0x0000000000443800                ixgbe_dcb_hw_config_cee
                0x0000000000443be0                ixgbe_dcb_config_pfc
                0x0000000000443c20                ixgbe_dcb_hw_config
 *fill*         0x0000000000443d0f        0x1 90909090
 .text          0x0000000000443d10      0xf29 /home/akalia/dpdk-1.5.0r0//x86_64-default-linuxapp-gcc/lib/librte_pmd_ixgbe.a(ixgbe_dcb_82599.o)
                0x0000000000443d10                ixgbe_dcb_get_tc_stats_82599
                0x0000000000443dd0                ixgbe_dcb_get_pfc_stats_82599
                0x0000000000443e30                ixgbe_dcb_config_rx_arbiter_82599
                0x0000000000444050                ixgbe_dcb_config_tx_desc_arbiter_82599
                0x00000000004442d0                ixgbe_dcb_config_tx_data_arbiter_82599
                0x00000000004445c0                ixgbe_dcb_config_pfc_82599
                0x00000000004448e0                ixgbe_dcb_config_tc_stats_82599
                0x0000000000444a90                ixgbe_dcb_config_82599
                0x0000000000444ba0                ixgbe_dcb_hw_config_82599
 *fill*         0x0000000000444c39        0x7 90909090
 .text          0x0000000000444c40      0xc19 /home/akalia/dpdk-1.5.0r0//x86_64-default-linuxapp-gcc/lib/librte_pmd_ixgbe.a(ixgbe_dcb_82598.o)
                0x0000000000444c40                ixgbe_dcb_get_tc_stats_82598
                0x0000000000444cc0                ixgbe_dcb_get_pfc_stats_82598
                0x0000000000444d20                ixgbe_dcb_config_rx_arbiter_82598
                0x0000000000444ea0                ixgbe_dcb_config_tx_desc_arbiter_82598
                0x0000000000445140                ixgbe_dcb_config_tx_data_arbiter_82598
                0x00000000004453e0                ixgbe_dcb_config_pfc_82598
                0x00000000004456f0                ixgbe_dcb_config_tc_stats_82598
                0x00000000004457d0                ixgbe_dcb_hw_config_82598
 *fill*         0x0000000000445859        0x7 90909090
 .text          0x0000000000445860      0x8cb /home/akalia/dpdk-1.5.0r0//x86_64-default-linuxapp-gcc/lib/librte_pmd_ixgbe.a(ixgbe_mbx.o)
                0x0000000000445b80                ixgbe_write_posted_mbx
                0x0000000000445c40                ixgbe_read_posted_mbx
                0x0000000000445ef0                ixgbe_read_mbx
                0x0000000000445f20                ixgbe_write_mbx
                0x0000000000445f50                ixgbe_check_for_msg
                0x0000000000445f70                ixgbe_check_for_ack
                0x0000000000445f90                ixgbe_check_for_rst
                0x0000000000445fb0                ixgbe_init_mbx_ops_generic
                0x0000000000445fd0                ixgbe_init_mbx_params_vf
                0x0000000000446070                ixgbe_init_mbx_params_pf
 *fill*         0x000000000044612b        0x5 90909090
 .text          0x0000000000446130     0x91fc /home/akalia/dpdk-1.5.0r0//x86_64-default-linuxapp-gcc/lib/librte_pmd_ixgbe.a(ixgbe_rxtx.o)
                0x00000000004463c0                ixgbe_recv_pkts
                0x0000000000447810                ixgbe_recv_pkts_bulk_alloc
                0x0000000000447ae0                ixgbe_xmit_pkts
                0x0000000000448f70                ixgbe_recv_scattered_pkts
                0x000000000044c020                ixgbe_xmit_pkts_simple
                0x000000000044c0e0                ixgbe_dev_tx_queue_release
                0x000000000044c120                ixgbe_dev_tx_queue_setup
                0x000000000044c610                ixgbe_dev_rx_queue_release
                0x000000000044c640                ixgbe_dev_rx_queue_setup
                0x000000000044c980                ixgbe_dev_rx_queue_count
                0x000000000044c9f0                ixgbe_dev_rx_descriptor_done
                0x000000000044ca30                ixgbe_dev_clear_queues
                0x000000000044cae0                ixgbe_configure_dcb
                0x000000000044d660                ixgbe_dev_rx_init
                0x000000000044e190                ixgbe_dev_tx_init
                0x000000000044e440                ixgbe_dev_rxtx_start
                0x000000000044eab0                ixgbevf_dev_rx_init
                0x000000000044ef70                ixgbevf_dev_tx_init
                0x000000000044efe0                ixgbevf_dev_rxtx_start
 *fill*         0x000000000044f32c        0x4 90909090
 .text          0x000000000044f330     0x170f /home/akalia/dpdk-1.5.0r0//x86_64-default-linuxapp-gcc/lib/librte_pmd_ixgbe.a(ixgbe_82598.o)
                0x000000000044f3f0                ixgbe_set_vmdq_82598
                0x000000000044f4a0                ixgbe_set_vfta_82598
                0x000000000044f5b0                ixgbe_get_supported_physical_layer_82598
                0x000000000044f770                ixgbe_enable_relaxed_ordering_82598
                0x000000000044f7f0                ixgbe_set_lan_id_multi_port_pcie_82598
                0x000000000044f870                ixgbe_read_i2c_eeprom_82598
                0x000000000044f950                ixgbe_write_analog_reg8_82598
                0x000000000044f980                ixgbe_read_analog_reg8_82598
                0x000000000044fee0                ixgbe_fc_enable_82598
                0x00000000004503e0                ixgbe_start_hw_82598
                0x0000000000450760                ixgbe_init_phy_ops_82598
                0x00000000004508c0                ixgbe_set_pcie_completion_timeout
                0x00000000004508f0                ixgbe_init_ops_82598
 *fill*         0x0000000000450a3f        0x1 90909090
 .text          0x0000000000450a40      0xe70 /home/akalia/dpdk-1.5.0r0//x86_64-default-linuxapp-gcc/lib/librte_pmd_ixgbe.a(ixgbe_x540.o)
                0x0000000000450a40                ixgbe_get_media_type_X540
                0x0000000000450a50                ixgbe_setup_mac_link_X540
                0x0000000000450a60                ixgbe_get_supported_physical_layer_X540
                0x0000000000450ab0                ixgbe_blink_led_start_X540
                0x0000000000450b20                ixgbe_blink_led_stop_X540
                0x0000000000450b70                ixgbe_write_eewr_X540
                0x0000000000450bf0                ixgbe_validate_eeprom_checksum_X540
                0x0000000000450cb0                ixgbe_calc_eeprom_checksum_X540
                0x0000000000450e00                ixgbe_read_eerd_X540
                0x0000000000450e80                ixgbe_write_eewr_buffer_X540
                0x0000000000450f10                ixgbe_read_eerd_buffer_X540
                0x0000000000450fa0                ixgbe_start_hw_X540
                0x0000000000450fc0                ixgbe_reset_hw_X540
                0x00000000004511b0                ixgbe_init_eeprom_params_X540
                0x0000000000451200                ixgbe_acquire_swfw_sync_X540
                0x00000000004513f0                ixgbe_release_swfw_sync_X540
                0x00000000004514d0                ixgbe_update_eeprom_checksum_X540
                0x0000000000451640                ixgbe_init_ops_X540
                0x00000000004518a0                ixgbe_get_link_capabilities_X540
 .text          0x00000000004518b0     0x1a95 /home/akalia/dpdk-1.5.0r0//x86_64-default-linuxapp-gcc/lib/librte_pmd_virtio.a(virtio_ethdev.o)
                0x0000000000452ed0                virtio_dev_queue_setup
                0x0000000000453330                rte_virtio_pmd_init
 *fill*         0x0000000000453345        0xb 90909090
 .text          0x0000000000453350       0x78 /home/akalia/dpdk-1.5.0r0//x86_64-default-linuxapp-gcc/lib/librte_pmd_virtio.a(virtqueue.o)
                0x0000000000453350                virtqueue_disable_intr
                0x0000000000453360                virtqueue_detatch_unused
 *fill*         0x00000000004533c8        0x8 90909090
 .text          0x00000000004533d0      0x143 /home/akalia/dpdk-1.5.0r0//x86_64-default-linuxapp-gcc/lib/librte_pmd_virtio.a(virtio_pci.o)
                0x00000000004533d0                vtpci_read_dev_config
                0x0000000000453440                vtpci_write_dev_config
                0x00000000004534c0                vtpci_negotiate_features
                0x00000000004534d0                vtpci_reset
                0x00000000004534e0                vtpci_reinit_complete
                0x00000000004534f0                vtpci_get_status
                0x0000000000453500                vtpci_set_status
 *fill*         0x0000000000453513        0xd 90909090
 .text          0x0000000000453520     0x2c14 /home/akalia/dpdk-1.5.0r0//x86_64-default-linuxapp-gcc/lib/librte_pmd_virtio.a(virtio_rxtx.o)
                0x00000000004541a0                virtio_dev_rxtx_start
                0x00000000004541f0                virtio_dev_rx_queue_setup
                0x0000000000454260                virtio_dev_tx_queue_setup
                0x00000000004542c0                virtio_recv_pkts
                0x00000000004556e0                virtio_xmit_pkts
 *fill*         0x0000000000456134        0xc 90909090
 .text          0x0000000000456140      0x30b /home/akalia/dpdk-1.5.0r0//x86_64-default-linuxapp-gcc/lib/librte_mbuf.a(rte_mbuf.o)
                0x0000000000456140                rte_ctrlmbuf_init
                0x00000000004561a0                rte_pktmbuf_pool_init
                0x00000000004561c0                rte_pktmbuf_init
                0x0000000000456250                rte_mbuf_sanity_check
                0x0000000000456380                rte_pktmbuf_dump
 *fill*         0x000000000045644b        0x5 90909090
 .text          0x0000000000456450     0x290b /home/akalia/dpdk-1.5.0r0//x86_64-default-linuxapp-gcc/lib/libethdev.a(rte_ethdev.o)
                0x0000000000456690                rte_eth_dev_allocate
                0x00000000004568b0                rte_eth_driver_register
                0x00000000004568c0                rte_eth_dev_socket_id
                0x00000000004568f0                rte_eth_dev_count
                0x0000000000456900                rte_eth_dev_configure
                0x0000000000456d50                rte_eth_dev_start
                0x0000000000456fd0                rte_eth_dev_stop
                0x0000000000457020                rte_eth_dev_close
                0x0000000000457070                rte_eth_rx_queue_setup
                0x0000000000457180                rte_eth_tx_queue_setup
                0x0000000000457280                rte_eth_promiscuous_enable
                0x00000000004572c0                rte_eth_promiscuous_disable
                0x0000000000457310                rte_eth_promiscuous_get
                0x0000000000457340                rte_eth_allmulticast_enable
                0x0000000000457380                rte_eth_allmulticast_disable
                0x00000000004573d0                rte_eth_allmulticast_get
                0x0000000000457400                rte_eth_link_get
                0x0000000000457480                rte_eth_link_get_nowait
                0x0000000000457500                rte_eth_stats_get
                0x0000000000457620                rte_eth_stats_reset
                0x0000000000457660                rte_eth_dev_set_tx_queue_stats_mapping
                0x00000000004576b0                rte_eth_dev_set_rx_queue_stats_mapping
                0x0000000000457700                rte_eth_dev_info_get
                0x0000000000457770                rte_eth_macaddr_get
                0x00000000004577a0                rte_eth_dev_vlan_filter
                0x0000000000457800                rte_eth_dev_set_vlan_strip_on_queue
                0x0000000000457860                rte_eth_dev_set_vlan_ether_type
                0x00000000004578b0                rte_eth_dev_set_vlan_offload
                0x00000000004579e0                rte_eth_dev_get_vlan_offload
                0x0000000000457a30                rte_eth_dev_fdir_add_signature_filter
                0x0000000000457ac0                rte_eth_dev_fdir_update_signature_filter
                0x0000000000457b50                rte_eth_dev_fdir_remove_signature_filter
                0x0000000000457be0                rte_eth_dev_fdir_get_infos
                0x0000000000457c40                rte_eth_dev_fdir_add_perfect_filter
                0x0000000000457cf0                rte_eth_dev_fdir_update_perfect_filter
                0x0000000000457da0                rte_eth_dev_fdir_remove_perfect_filter
                0x0000000000457e40                rte_eth_dev_fdir_set_masks
                0x0000000000457eb0                rte_eth_dev_flow_ctrl_set
                0x0000000000457f10                rte_eth_dev_priority_flow_ctrl_set
                0x0000000000457f70                rte_eth_dev_rss_reta_update
                0x0000000000458010                rte_eth_dev_rss_reta_query
                0x0000000000458070                rte_eth_led_on
                0x00000000004580c0                rte_eth_led_off
                0x0000000000458110                rte_eth_dev_mac_addr_add
                0x0000000000458350                rte_eth_dev_mac_addr_remove
                0x0000000000458470                rte_eth_dev_set_vf_rxmode
                0x0000000000458540                rte_eth_dev_uc_hash_table_set
                0x00000000004587a0                rte_eth_dev_uc_all_hash_table_set
                0x00000000004587f0                rte_eth_dev_set_vf_rx
                0x00000000004588b0                rte_eth_dev_set_vf_tx
                0x0000000000458970                rte_eth_dev_set_vf_vlan_filter
                0x00000000004589e0                rte_eth_mirror_rule_set
                0x0000000000458a70                rte_eth_mirror_rule_reset
                0x0000000000458ad0                rte_eth_dev_callback_register
                0x0000000000458bb0                rte_eth_dev_callback_unregister
                0x0000000000458ca0                _rte_eth_dev_callback_process
 *fill*         0x0000000000458d5b        0x5 90909090
 .text          0x0000000000458d60     0x11f3 /home/akalia/dpdk-1.5.0r0//x86_64-default-linuxapp-gcc/lib/librte_malloc.a(rte_malloc.o)
                0x0000000000458d60                rte_free
                0x0000000000458db0                rte_malloc_socket
                0x0000000000458e80                rte_malloc
                0x0000000000458f30                rte_zmalloc_socket
                0x0000000000459010                rte_zmalloc
                0x00000000004590d0                rte_calloc_socket
                0x00000000004591b0                rte_calloc
                0x0000000000459270                rte_realloc
                0x00000000004598b0                rte_malloc_validate
                0x0000000000459900                rte_malloc_get_socket_stats
                0x0000000000459970                rte_malloc_dump_stats
                0x0000000000459f50                rte_malloc_set_limit
 *fill*         0x0000000000459f53        0xd 90909090
 .text          0x0000000000459f60      0x3cf /home/akalia/dpdk-1.5.0r0//x86_64-default-linuxapp-gcc/lib/librte_malloc.a(malloc_elem.o)
                0x0000000000459f60                malloc_elem_init
                0x0000000000459f90                malloc_elem_mkend
                0x0000000000459fd0                malloc_elem_can_hold
                0x000000000045a000                malloc_elem_alloc
                0x000000000045a0c0                malloc_elem_free
                0x000000000045a1d0                malloc_elem_resize
 *fill*         0x000000000045a32f        0x1 90909090
 .text          0x000000000045a330      0x5a3 /home/akalia/dpdk-1.5.0r0//x86_64-default-linuxapp-gcc/lib/librte_malloc.a(malloc_heap.o)
                0x000000000045a460                malloc_heap_alloc
                0x000000000045a850                malloc_heap_get_stats
 *fill*         0x000000000045a8d3        0xd 90909090
 .text          0x000000000045a8e0      0xa68 /home/akalia/dpdk-1.5.0r0//x86_64-default-linuxapp-gcc/lib/librte_mempool.a(rte_mempool.o)
                0x000000000045aa10                rte_mempool_create
                0x000000000045af60                rte_mempool_count
                0x000000000045afb0                rte_mempool_audit
                0x000000000045b020                rte_mempool_dump
                0x000000000045b210                rte_mempool_list_dump
                0x000000000045b290                rte_mempool_lookup
 *fill*         0x000000000045b348        0x8 90909090
 .text          0x000000000045b350      0x668 /home/akalia/dpdk-1.5.0r0//x86_64-default-linuxapp-gcc/lib/librte_ring.a(rte_ring.o)
                0x000000000045b480                rte_ring_create
                0x000000000045b750                rte_ring_set_water_mark
                0x000000000045b770                rte_ring_dump
                0x000000000045b880                rte_ring_list_dump
                0x000000000045b900                rte_ring_lookup
 *fill*         0x000000000045b9b8        0x8 90909090
 .text          0x000000000045b9c0     0x1cf7 /home/akalia/dpdk-1.5.0r0//x86_64-default-linuxapp-gcc/lib/librte_eal.a(eal.o)
                0x000000000045bc10                rte_eal_get_configuration
                0x000000000045bc20                eal_parse_sysfs_value
                0x000000000045bdb0                rte_set_application_usage_hook
                0x000000000045bdc0                rte_eal_init
                0x000000000045d6a0                rte_eal_lcore_role
                0x000000000045d6b0                rte_eal_process_type
 *fill*         0x000000000045d6b7        0x9 90909090
 .text          0x000000000045d6c0      0xd4f /home/akalia/dpdk-1.5.0r0//x86_64-default-linuxapp-gcc/lib/librte_eal.a(eal_hugepage_info.o)
                0x000000000045ddb0                eal_hugepage_info_init
 *fill*         0x000000000045e40f        0x1 90909090
 .text          0x000000000045e410     0x2140 /home/akalia/dpdk-1.5.0r0//x86_64-default-linuxapp-gcc/lib/librte_eal.a(eal_memory.o)
                0x000000000045eef0                rte_eal_memory_init
 .text          0x0000000000460550      0x3de /home/akalia/dpdk-1.5.0r0//x86_64-default-linuxapp-gcc/lib/librte_eal.a(eal_thread.o)
                0x0000000000460630                rte_eal_remote_launch
                0x0000000000460710                eal_thread_init_master
                0x0000000000460740                eal_thread_loop
 *fill*         0x000000000046092e        0x2 90909090
 .text          0x0000000000460930      0x1b7 /home/akalia/dpdk-1.5.0r0//x86_64-default-linuxapp-gcc/lib/librte_eal.a(eal_log.o)
                0x0000000000460a50                rte_eal_log_init
 *fill*         0x0000000000460ae7        0x9 90909090
 .text          0x0000000000460af0     0x1d5d /home/akalia/dpdk-1.5.0r0//x86_64-default-linuxapp-gcc/lib/librte_eal.a(eal_pci.o)
                0x00000000004625f0                rte_eal_pci_probe_one_driver
                0x00000000004627c0                rte_eal_pci_init
 *fill*         0x000000000046284d        0x3 90909090
 .text          0x0000000000462850      0x181 /home/akalia/dpdk-1.5.0r0//x86_64-default-linuxapp-gcc/lib/librte_eal.a(eal_debug.o)
                0x0000000000462850                rte_dump_stack
                0x00000000004628e0                rte_dump_registers
                0x00000000004628f0                rte_exit
 *fill*         0x00000000004629d1        0xf 90909090
 .text          0x00000000004629e0      0x595 /home/akalia/dpdk-1.5.0r0//x86_64-default-linuxapp-gcc/lib/librte_eal.a(eal_lcore.o)
                0x0000000000462e30                rte_eal_cpu_init
 *fill*         0x0000000000462f75        0xb 90909090
 .text          0x0000000000462f80      0x3b1 /home/akalia/dpdk-1.5.0r0//x86_64-default-linuxapp-gcc/lib/librte_eal.a(eal_timer.o)
                0x0000000000462f80                rte_delay_us
                0x0000000000463080                rte_get_tsc_hz
                0x0000000000463090                rte_eal_timer_init
 *fill*         0x0000000000463331        0xf 90909090
 .text          0x0000000000463340      0xa53 /home/akalia/dpdk-1.5.0r0//x86_64-default-linuxapp-gcc/lib/librte_eal.a(eal_interrupts.o)
                0x0000000000463770                rte_intr_callback_register
                0x0000000000463990                rte_intr_callback_unregister
                0x0000000000463b80                rte_intr_enable
                0x0000000000463c50                rte_intr_disable
                0x0000000000463d20                rte_eal_intr_init
 *fill*         0x0000000000463d93        0xd 90909090
 .text          0x0000000000463da0      0x5a6 /home/akalia/dpdk-1.5.0r0//x86_64-default-linuxapp-gcc/lib/librte_eal.a(eal_alarm.o)
                0x0000000000463f00                rte_eal_alarm_init
                0x0000000000463f50                rte_eal_alarm_set
                0x0000000000464160                rte_eal_alarm_cancel
 *fill*         0x0000000000464346        0xa 90909090
 .text          0x0000000000464350      0xd6a /home/akalia/dpdk-1.5.0r0//x86_64-default-linuxapp-gcc/lib/librte_eal.a(eal_common_memzone.o)
                0x0000000000464bb0                rte_memzone_reserve
                0x0000000000464c70                rte_memzone_reserve_aligned
                0x0000000000464d80                rte_memzone_lookup
                0x0000000000464e50                rte_memzone_dump
                0x0000000000464f10                rte_eal_memzone_init
 *fill*         0x00000000004650ba        0x6 90909090
 .text          0x00000000004650c0      0xe10 /home/akalia/dpdk-1.5.0r0//x86_64-default-linuxapp-gcc/lib/librte_eal.a(eal_common_log.o)
                0x0000000000465130                rte_log_add_in_history
                0x00000000004656f0                rte_log_set_history
                0x0000000000465700                rte_openlog_stream
                0x0000000000465720                rte_set_log_level
                0x0000000000465730                rte_set_log_type
                0x0000000000465760                rte_log_cur_msg_loglevel
                0x0000000000465780                rte_log_cur_msg_logtype
                0x00000000004657a0                rte_log_dump_history
                0x0000000000465d10                rte_vlog
                0x0000000000465d70                rte_eal_log_early_init
                0x0000000000465de0                rte_eal_common_log_init
 .text          0x0000000000465ed0      0x29e /home/akalia/dpdk-1.5.0r0//x86_64-default-linuxapp-gcc/lib/librte_eal.a(eal_common_launch.o)
                0x0000000000465ed0                rte_eal_wait_lcore
                0x0000000000465f20                rte_eal_mp_remote_launch
                0x00000000004660b0                rte_eal_get_lcore_state
                0x00000000004660c0                rte_eal_mp_wait_lcore
 *fill*         0x000000000046616e        0x2 90909090
 .text          0x0000000000466170      0x4be /home/akalia/dpdk-1.5.0r0//x86_64-default-linuxapp-gcc/lib/librte_eal.a(eal_common_pci.o)
                0x0000000000466380                rte_eal_pci_probe
                0x00000000004664a0                rte_eal_pci_dump
                0x00000000004665d0                rte_eal_pci_register
                0x00000000004665f0                rte_eal_pci_unregister
                0x0000000000466620                rte_eal_pci_set_blacklist
 *fill*         0x000000000046662e        0x2 90909090
 .text          0x0000000000466630      0x118 /home/akalia/dpdk-1.5.0r0//x86_64-default-linuxapp-gcc/lib/librte_eal.a(eal_common_memory.o)
                0x0000000000466630                rte_eal_get_physmem_layout
                0x0000000000466650                rte_eal_get_physmem_size
                0x0000000000466690                rte_dump_physmem_layout
                0x0000000000466710                rte_memory_get_nchannel
                0x0000000000466730                rte_memory_get_nrank
 *fill*         0x0000000000466748        0x8 90909090
 .text          0x0000000000466750      0x2d0 /home/akalia/dpdk-1.5.0r0//x86_64-default-linuxapp-gcc/lib/librte_eal.a(eal_common_tailqs.o)
                0x0000000000466750                rte_eal_tailq_lookup
                0x00000000004667d0                rte_eal_tailq_lookup_by_idx
                0x0000000000466840                rte_eal_tailq_reserve
                0x00000000004668c0                rte_eal_tailq_reserve_by_idx
                0x0000000000466930                rte_dump_tailq
                0x00000000004669c0                rte_eal_tailqs_init
 .text          0x0000000000466a20      0x1b3 /home/akalia/dpdk-1.5.0r0//x86_64-default-linuxapp-gcc/lib/librte_eal.a(eal_common_errno.o)
                0x0000000000466b50                rte_strerror
 *fill*         0x0000000000466bd3        0xd 90909090
 .text          0x0000000000466be0      0x42b /home/akalia/dpdk-1.5.0r0//x86_64-default-linuxapp-gcc/lib/librte_eal.a(eal_common_hexdump.o)
                0x0000000000466d10                rte_hexdump
                0x0000000000466ed0                rte_memdump
 *fill*         0x000000000046700b        0x5 90909090
 .text          0x0000000000467010      0x92d /home/akalia/dpdk-1.5.0r0//x86_64-default-linuxapp-gcc/lib/librte_eal.a(eal_common_whitelist.o)
                0x0000000000467140                eal_dev_whitelist_add_entry
                0x00000000004671b0                eal_dev_whitelist_exists
                0x00000000004671c0                eal_dev_whitelist_parse
                0x0000000000467880                eal_dev_is_whitelisted
                0x0000000000467920                eal_dev_whitelist_clear
 *fill*         0x000000000046793d        0x3 90909090
 .text          0x0000000000467940      0x1cb /home/akalia/dpdk-1.5.0r0//x86_64-default-linuxapp-gcc/lib/librte_eal.a(eal_common_nonpci_devs.o)
                0x0000000000467a70                rte_eal_non_pci_ethdev_init
 *fill*         0x0000000000467b0b        0x5 90909090
 .text          0x0000000000467b10     0x2814 /home/akalia/dpdk-1.5.0r0//x86_64-default-linuxapp-gcc/lib/librte_pmd_ring.a(rte_eth_ring.o)
                0x0000000000469be0                rte_eth_from_rings
                0x0000000000469e30                rte_eth_ring_pair_create
                0x0000000000469e40                rte_eth_ring_pair_attach
                0x0000000000469e50                rte_pmd_ring_init
 *fill*         0x000000000046a324        0xc 90909090
 .text          0x000000000046a330       0x92 /usr/lib/x86_64-linux-gnu/libc_nonshared.a(elf-init.oS)
                0x000000000046a330                __libc_csu_init
                0x000000000046a3c0                __libc_csu_fini
 *fill*         0x000000000046a3c2        0xe 90909090
 .text          0x000000000046a3d0       0x36 /usr/lib/gcc/x86_64-linux-gnu/4.6/crtend.o
 *fill*         0x000000000046a406        0x2 90909090
 .text          0x000000000046a408        0x0 /usr/lib/gcc/x86_64-linux-gnu/4.6/../../../x86_64-linux-gnu/crtn.o
 *(.gnu.warning)

.fini           0x000000000046a408        0xe
 *(.fini)
 .fini          0x000000000046a408        0x4 /usr/lib/gcc/x86_64-linux-gnu/4.6/../../../x86_64-linux-gnu/crti.o
                0x000000000046a408                _fini
 .fini          0x000000000046a40c        0x5 /usr/lib/gcc/x86_64-linux-gnu/4.6/crtbegin.o
 .fini          0x000000000046a411        0x5 /usr/lib/gcc/x86_64-linux-gnu/4.6/../../../x86_64-linux-gnu/crtn.o
                0x000000000046a416                PROVIDE (__etext, .)
                0x000000000046a416                PROVIDE (_etext, .)
                0x000000000046a416                PROVIDE (etext, .)

.rodata         0x000000000046a420     0x5110
 *(.rodata .rodata.* .gnu.linkonce.r.*)
 .rodata.cst4   0x000000000046a420        0x4 /usr/lib/gcc/x86_64-linux-gnu/4.6/../../../x86_64-linux-gnu/crt1.o
                0x000000000046a420                _IO_stdin_used
 *fill*         0x000000000046a424        0x4 00
 .rodata.str1.8
                0x000000000046a428      0x46e main.o
 .rodata.str1.1
                0x000000000046a896      0x224 main.o
 *fill*         0x000000000046aaba        0x6 00
 .rodata        0x000000000046aac0      0x464 main.o
 *fill*         0x000000000046af24        0x4 00
 .rodata        0x000000000046af28       0x40 /home/akalia/dpdk-1.5.0r0//x86_64-default-linuxapp-gcc/lib/librte_pmd_e1000.a(igb_ethdev.o)
 .rodata.str1.1
                0x000000000046af68       0x26 /home/akalia/dpdk-1.5.0r0//x86_64-default-linuxapp-gcc/lib/librte_pmd_e1000.a(igb_ethdev.o)
 *fill*         0x000000000046af8e        0x2 00
 .rodata.cst16  0x000000000046af90       0x10 /home/akalia/dpdk-1.5.0r0//x86_64-default-linuxapp-gcc/lib/librte_pmd_e1000.a(igb_ethdev.o)
 .rodata.str1.8
                0x000000000046afa0       0xe6 /home/akalia/dpdk-1.5.0r0//x86_64-default-linuxapp-gcc/lib/librte_pmd_e1000.a(igb_rxtx.o)
 .rodata.str1.1
                0x000000000046b086       0x56 /home/akalia/dpdk-1.5.0r0//x86_64-default-linuxapp-gcc/lib/librte_pmd_e1000.a(igb_rxtx.o)
 *fill*         0x000000000046b0dc        0x4 00
 .rodata        0x000000000046b0e0       0x48 /home/akalia/dpdk-1.5.0r0//x86_64-default-linuxapp-gcc/lib/librte_pmd_e1000.a(igb_rxtx.o)
 .rodata.str1.1
                0x000000000046b128        0xb /home/akalia/dpdk-1.5.0r0//x86_64-default-linuxapp-gcc/lib/librte_pmd_e1000.a(em_ethdev.o)
                                         0x11 (size before relaxing)
 *fill*         0x000000000046b133        0xd 00
 .rodata        0x000000000046b140       0x74 /home/akalia/dpdk-1.5.0r0//x86_64-default-linuxapp-gcc/lib/librte_pmd_e1000.a(em_ethdev.o)
 *fill*         0x000000000046b1b4        0x4 00
 .rodata.str1.8
                0x000000000046b1b8      0x18c /home/akalia/dpdk-1.5.0r0//x86_64-default-linuxapp-gcc/lib/librte_pmd_e1000.a(em_rxtx.o)
 .rodata.str1.1